// Jest Snapshot v1, https://goo.gl/fbAQLP

exports[`ResourceGrid should render correctly in "debug" mode 1`] = `
<Styled(MuiBox)
  px={10}
  py={3}
>
  <WithStyles(ForwardRef(Grid))
    container={true}
    spacing={3}
  />
</Styled(MuiBox)>
`;
